Microchip Technology Inc, v1.41 (B)

Tool Name:
  c:\program files (x86)\microchip\xc16\v1.41\bin\bin\..\bin/elf-ld.exe

Command:
  -p24FJ64GB004 \
  --mdfp=C:/Program Files (x86)/Microchip/MPLABX/v5.30/packs/Microchip/PIC24F-GA-GB_DFP/1.1.74/xc16 \
  -o \
  dist/default/production/sbxbt_ps3.X.production.elf \
  -Lc:/program files (x86)/microchip/xc16/v1.41/bin/bin/.. \
  -LC:/Program Files (x86)/Microchip/MPLABX/v5.30/packs/Microchip/PIC24F-GA-GB_DFP/1.1.74/xc16/bin/../support/PIC24F/gld \
  -Lc:/program files (x86)/microchip/xc16/v1.41/bin/bin/../../lib \
  -Lc:/program files (x86)/microchip/xc16/v1.41/bin/bin/../../support/PIC24E/gld \
  -Lc:/program files (x86)/microchip/xc16/v1.41/bin/bin/../../support/PIC24F/gld \
  -Lc:/program files (x86)/microchip/xc16/v1.41/bin/bin/../../support/PIC24H/gld \
  -Lc:/program files (x86)/microchip/xc16/v1.41/bin/bin/../../support/dsPIC30F/gld \
  -Lc:/program files (x86)/microchip/xc16/v1.41/bin/bin/../../support/dsPIC33C/gld \
  -Lc:/program files (x86)/microchip/xc16/v1.41/bin/bin/../../support/dsPIC33E/gld \
  -Lc:/program files (x86)/microchip/xc16/v1.41/bin/bin/../../support/dsPIC33F/gld \
  build/default/production/_ext/1468720089/btstack_memory.o \
  build/default/production/_ext/1468720089/hci.o \
  build/default/production/_ext/1468720089/hci_cmds.o \
  build/default/production/_ext/1468720089/hci_dump.o \
  build/default/production/_ext/1468720089/hci_transport_picusb.o \
  build/default/production/_ext/1468720089/l2cap.o \
  build/default/production/_ext/1468720089/l2cap_signaling.o \
  build/default/production/_ext/1468720089/linked_list.o \
  build/default/production/_ext/1468720089/memory_pool.o \
  build/default/production/_ext/1468720089/remote_device_db_memory.o \
  build/default/production/_ext/1468720089/rfcomm.o \
  build/default/production/_ext/1468720089/run_loop.o \
  build/default/production/_ext/1468720089/run_loop_embedded.o \
  build/default/production/_ext/1468720089/sdp.o \
  build/default/production/_ext/1468720089/sdp_util.o \
  build/default/production/_ext/1468720089/utils.o \
  build/default/production/_ext/2108356922/uart2.o \
  build/default/production/_ext/2108356922/uart1.o \
  build/default/production/_ext/1360907413/usb_host.o \
  build/default/production/_ext/1360907413/usb_host_bluetooth.o \
  build/default/production/_ext/1472/main.o \
  build/default/production/_ext/1472/usb_config.o \
  build/default/production/_ext/1472/xprintf.o \
  build/default/production/_ext/1472/flash.o \
  build/default/production/_ext/1472/dev_dragonrise.o \
  build/default/production/_ext/1472/dev_elecom_u3312s.o \
  build/default/production/_ext/1472/dev_elecom_u3412s.o \
  build/default/production/_ext/1472/dev_logicool_f710.o \
  build/default/production/_ext/1472/dev_sony_ps3.o \
  build/default/production/_ext/1472/dev_logicool_f510.o \
  build/default/production/_ext/1472/TimeDelay.o \
  --defsym=__MPLAB_BUILD=1 \
  -Tp24FJ64GB004.gld.00 \
  --heap=2048 \
  --stack=1024 \
  --check-sections \
  --data-init \
  --pack-data \
  --handles \
  --isr \
  --gc-sections \
  --fill-upper=0 \
  --stackguard=16 \
  --library-path=.. \
  --no-force-link \
  --smart-io \
  -Map=dist/default/production/sbxbt_ps3.X.production.map \
  --report-mem \
  --memorysummary \
  dist/default/production/memoryfile.xml \
  -start-group \
  --library=pic30-elf \
  --library=m-elf \
  --library=c-elf \
  -end-group \


Optional library libpPIC24Fxxx.a not found
Archive member included because of file (symbol)

c:/program files (x86)/microchip/xc16/v1.41/bin/bin/../../lib\libpic30-elf.a(crt0_standard.o)
                              (__resetPRI)
c:/program files (x86)/microchip/xc16/v1.41/bin/bin/../../lib\libpic30-elf.a(data_init_standard.o)
                              c:/program files (x86)/microchip/xc16/v1.41/bin/bin/../../lib\libpic30-elf.a(crt0_standard.o) (__data_init_standard)
c:/program files (x86)/microchip/xc16/v1.41/bin/bin/../../lib\libpic30-elf.a(crt_start_mode_normal.eo)
                              (__crt_start_mode_normal)
c:/program files (x86)/microchip/xc16/v1.41/bin/bin/../../lib\libm-elf.a(addsf3.eo)
                              build/default/production/_ext/1472/main.o (___subsf3)
c:/program files (x86)/microchip/xc16/v1.41/bin/bin/../../lib\libm-elf.a(divsf3.eo)
                              build/default/production/_ext/1472/main.o (___divsf3)
c:/program files (x86)/microchip/xc16/v1.41/bin/bin/../../lib\libm-elf.a(feqltle.eo)
                              build/default/production/_ext/1472/main.o (___ltsf2)
c:/program files (x86)/microchip/xc16/v1.41/bin/bin/../../lib\libm-elf.a(fixsfsi.eo)
                              build/default/production/_ext/1472/main.o (_(float, int, long long, short, float, short, int))
c:/program files (x86)/microchip/xc16/v1.41/bin/bin/../../lib\libm-elf.a(floatunsisf.eo)
                              build/default/production/_ext/1472/main.o (___floatunsisf)
[...]
Memory Configuration

Name             Origin             Length             Attributes
data             0x000800           0x002000           a !xr
reset            0x000000           0x000004  
ivt              0x000004           0x0000fc  
_reserved        0x000100           0x000004  
aivt             0x000104           0x0000fc  
program          0x000200           0x00a9f8           xr
CONFIG4          0x00abf8           0x000002  
CONFIG3          0x00abfa           0x000002  
CONFIG2          0x00abfc           0x000002  
CONFIG1          0x00abfe           0x000002  
*default*        0x000000           0xffffffff  

Linker script and memory map

LOAD build/default/production/_ext/1468720089/btstack_memory.o
LOAD build/default/production/_ext/1468720089/hci.o
LOAD build/default/production/_ext/1468720089/hci_cmds.o
LOAD build/default/production/_ext/1468720089/hci_dump.o
LOAD build/default/production/_ext/1468720089/hci_transport_picusb.o
LOAD build/default/production/_ext/1468720089/l2cap.o
LOAD build/default/production/_ext/1468720089/l2cap_signaling.o
LOAD build/default/production/_ext/1468720089/linked_list.o
LOAD build/default/production/_ext/1468720089/memory_pool.o
LOAD build/default/production/_ext/1468720089/remote_device_db_memory.o
LOAD build/default/production/_ext/1468720089/rfcomm.o
LOAD build/default/production/_ext/1468720089/run_loop.o
LOAD build/default/production/_ext/1468720089/run_loop_embedded.o
LOAD build/default/production/_ext/1468720089/sdp.o
LOAD build/default/production/_ext/1468720089/sdp_util.o
LOAD build/default/production/_ext/1468720089/utils.o
LOAD build/default/production/_ext/2108356922/uart2.o
LOAD build/default/production/_ext/2108356922/uart1.o
LOAD build/default/production/_ext/1360907413/usb_host.o
LOAD build/default/production/_ext/1360907413/usb_host_bluetooth.o
LOAD build/default/production/_ext/1472/main.o
LOAD build/default/production/_ext/1472/usb_config.o
LOAD build/default/production/_ext/1472/xprintf.o
LOAD build/default/production/_ext/1472/flash.o
LOAD build/default/production/_ext/1472/dev_dragonrise.o
LOAD build/default/production/_ext/1472/dev_elecom_u3312s.o
LOAD build/default/production/_ext/1472/dev_elecom_u3412s.o
LOAD build/default/production/_ext/1472/dev_logicool_f710.o
LOAD build/default/production/_ext/1472/dev_sony_ps3.o
LOAD build/default/production/_ext/1472/dev_logicool_f510.o
LOAD build/default/production/_ext/1472/TimeDelay.o
                    0x0001                  __MPLAB_BUILD = 0x1
LOAD pPIC24Fxxx
LOAD c:/program files (x86)/microchip/xc16/v1.41/bin/bin/../../lib\libfx-elf.a
                    0xabf8                  __CONFIG4 = 0xabf8
                    0xabfa                  __CONFIG3 = 0xabfa
                    0xabfc                  __CONFIG2 = 0xabfc
                    0xabfe                  __CONFIG1 = 0xabfe
                    0x0001                  __NO_HANDLES = 0x1
                    0x0200                  __CODE_BASE = 0x200
                    0xa9f8                  __CODE_LENGTH = 0xa9f8
                    0x0004                  __IVT_BASE = 0x4
                    0x0104                  __AIVT_BASE = 0x104
                    0x0800                  __DATA_BASE = 0x800
                    0x2000                  __DATA_LENGTH = 0x2000

.reset            0x000000          0x4
                  0x000000          0x2 SHORT 0x200 ABSOLUTE (__reset)
                  0x000001          0x2 SHORT 0x4
                  0x000002          0x2 SHORT 0x0 ((ABSOLUTE (__reset) >> 0x10) & 0x7f)
                  0x000003          0x2 SHORT 0x0

.text             0x000200        0xae6
 *(.init)
 .init            0x000200         0x4c c:/program files (x86)/microchip/xc16/v1.41/bin/bin/../../lib\libpic30-elf.a(crt0_standard.o)
                  0x000200                  __resetPRI
                  0x000200                  __reset
                  0x00023c                  __psv_init
 .init            0x00024c         0x7c c:/program files (x86)/microchip/xc16/v1.41/bin/bin/../../lib\libpic30-elf.a(data_init_standard.o)
                  0x000252                  __data_init_standard
                  0x000252                  __data_init
 *(.user_init)
 *(.handle)
 *(.isr*)
 .isr.text        0x000380         0x74 build/default/production/_ext/2108356922/uart1.o
                  0x000380                  __U1RXInterrupt
                  0x0003b4                  __U1TXInterrupt
 .isr.text        0x0003f4        0x396 build/default/production/_ext/1360907413/usb_host.o
                  0x0003f4                  __USB1Interrupt
 .isr             0x00078a          0x4 default_isr
                  0x00078a                  __DefaultInterrupt
 *(.libc)
 .libc            0x00078e         0x28 c:/program files (x86)/microchip/xc16/v1.41/bin/bin/../../lib\libpic30-elf.a(sbrk.eo)
                  0x00078e                  _sbrk
 .libc            0x0007b6         0x1a c:/program files (x86)/microchip/xc16/v1.41/bin/bin/../../lib\libpic30-elf.a(brk.elo)
                  0x0007b6                  _brk
 *(.libm)
 *(.libdsp)
 *(.lib*)
 .libpic30_crt_start_mode
                  0x0007d0          0x2 c:/program files (x86)/microchip/xc16/v1.41/bin/bin/../../lib\libpic30-elf.a(crt_start_mode_normal.eo)
                  0x0007d0                  __crt_start_mode
                  0x0007d0                  __crt_start_mode_normal
 .libm.subsf3     0x0007d2         0xbc c:/program files (x86)/microchip/xc16/v1.41/bin/bin/../../lib\libm-elf.a(addsf3.eo)
                  0x0007d2                  ___subsf3
                  0x0007d4                  ___addsf3
 .libm.divfs3     0x00088e         0x84 c:/program files (x86)/microchip/xc16/v1.41/bin/bin/../../lib\libm-elf.a(divsf3.eo)
                  0x00088e                  ___divsf3
 .libm.eqsf2      0x000912          0x4 c:/program files (x86)/microchip/xc16/v1.41/bin/bin/../../lib\libm-elf.a(feqltle.eo)
                  0x000912                  ___eqsf2
                  0x000912                  ___ltsf2
                  0x000912                  ___lesf2
 .libm.fixsfsi    0x000916         0x42 c:/program files (x86)/microchip/xc16/v1.41/bin/bin/../../lib\libm-elf.a(fixsfsi.eo)
                  0x000916                  _(float, int, long long, short, float, short, int)
 .libm.floatunsisf
                  0x000958          0x4 c:/program files (x86)/microchip/xc16/v1.41/bin/bin/../../lib\libm-elf.a(floatunsisf.eo)
                  0x000958                  ___floatunsisf
 .libm.fpack      0x00095c         0x4c c:/program files (x86)/microchip/xc16/v1.41/bin/bin/../../lib\libm-elf.a(fpack.eo)
                  0x00095c                  __fpack
 .libm.funpack    0x0009a8         0x2a c:/program files (x86)/microchip/xc16/v1.41/bin/bin/../../lib\libm-elf.a(funpack.eo)
                  0x0009a8                  __funpack
 .libm.funpack2
                  0x0009d2         0x10 c:/program files (x86)/microchip/xc16/v1.41/bin/bin/../../lib\libm-elf.a(funpack2.eo)
                  0x0009d2                  __funpack2
 .libm.fPropagateNaN
                  0x0009e2         0x12 c:/program files (x86)/microchip/xc16/v1.41/bin/bin/../../lib\libm-elf.a(futil.eo)
                  0x0009e2                  __fPropagateNaN
 .libm.fbobExit
                  0x0009f4          0x8 c:/program files (x86)/microchip/xc16/v1.41/bin/bin/../../lib\libm-elf.a(futil.eo)
                  0x0009f4                  __fbopExit
 .libm.fbopReturnNaN
                  0x0009fc          0x6 c:/program files (x86)/microchip/xc16/v1.41/bin/bin/../../lib\libm-elf.a(futil.eo)
                  0x0009fc                  __fbopReturnNaN
 .libm.mulsf3     0x000a02         0x68 c:/program files (x86)/microchip/xc16/v1.41/bin/bin/../../lib\libm-elf.a(mulsf3.eo)
                  0x000a02                  ___mulsf3
 .libm.udivsi3    0x000a6a         0x20 c:/program files (x86)/microchip/xc16/v1.41/bin/bin/../../lib\libm-elf.a(udivsi3.eo)
                  0x000a6a                  ___udivsi3
 .libm.umodsi3    0x000a8a          0x6 c:/program files (x86)/microchip/xc16/v1.41/bin/bin/../../lib\libm-elf.a(umodsi3.eo)
                  0x000a8a                  ___umodsi3
 .libm.fcompare
                  0x000a90         0x36 c:/program files (x86)/microchip/xc16/v1.41/bin/bin/../../lib\libm-elf.a(fcompare.eo)
                  0x000a90                  __fcompare
 .libm.floatundisf
                  0x000ac6         0x5e c:/program files (x86)/microchip/xc16/v1.41/bin/bin/../../lib\libm-elf.a(floatundisf.eo)
                  0x000ac6                  ___floatundisf
 .libc.malloc     0x000b24        0x112 c:/program files (x86)/microchip/xc16/v1.41/bin/bin/../../lib\libc-elf.a(malloc.eo)
                  0x000b24                  _malloc
 .libc.free       0x000c36         0x16 c:/program files (x86)/microchip/xc16/v1.41/bin/bin/../../lib\libc-elf.a(malloc.eo)
                  0x000c36                  _free
 .libc.memcmp     0x000c4c         0x32 c:/program files (x86)/microchip/xc16/v1.41/bin/bin/../../lib\libc-elf.a(memcmp.eo)
                  0x000c4c                  _memcmp
 .libc.memcpy     0x000c7e          0xe c:/program files (x86)/microchip/xc16/v1.41/bin/bin/../../lib\libc-elf.a(memcpy.eo)
                  0x000c7e                  _memcpy
 .libc.memset     0x000c8c          0xe c:/program files (x86)/microchip/xc16/v1.41/bin/bin/../../lib\libc-elf.a(memset.eo)
                  0x000c8c                  _memset
 .libc.strlen     0x000c9a          0xc c:/program files (x86)/microchip/xc16/v1.41/bin/bin/../../lib\libc-elf.a(strlen.eo)
                  0x000c9a                  _strlen
 .libc.strncmp    0x000ca6         0x1e c:/program files (x86)/microchip/xc16/v1.41/bin/bin/../../lib\libc-elf.a(strncmp.eo)
                  0x000ca6                  _strncmp
 .libc.strncpy    0x000cc4         0x22 c:/program files (x86)/microchip/xc16/v1.41/bin/bin/../../lib\libc-elf.a(strncpy.eo)
                  0x000cc4                  _strncpy

usercode
 *(usercode)

__CONFIG4         0x00abf8          0x2
 *(__CONFIG4.sec*)
 __CONFIG4.sec    0x00abf8          0x2 build/default/production/_ext/1472/main.o

__CONFIG3         0x00abfa          0x2
 *(__CONFIG3.sec*)
 __CONFIG3.sec    0x00abfa          0x2 build/default/production/_ext/1472/main.o

__CONFIG2         0x00abfc          0x2
 *(__CONFIG2.sec*)
 __CONFIG2.sec    0x00abfc          0x2 build/default/production/_ext/1472/main.o

__CONFIG1         0x00abfe          0x2
 *(__CONFIG1.sec*)
 __CONFIG1.sec    0x00abfe          0x2 build/default/production/_ext/1472/main.o

.comment
 *(.comment)

.debug_info       0x000000      0x19ece
 *(.debug_info)
 .debug_info      0x000000       0x1d41 build/default/production/_ext/1468720089/btstack_memory.o
 .debug_info      0x001d41       0x1f66 build/default/production/_ext/1468720089/hci.o
 .debug_info      0x003ca7        0xe7d build/default/production/_ext/1468720089/hci_cmds.o
 .debug_info      0x004b24        0x2ba build/default/production/_ext/1468720089/hci_dump.o
 .debug_info      0x004dde        0xa37 build/default/production/_ext/1468720089/hci_transport_picusb.o
 .debug_info      0x005815       0x2101 build/default/production/_ext/1468720089/l2cap.o
 .debug_info      0x007916        0x42f build/default/production/_ext/1468720089/l2cap_signaling.o
 .debug_info      0x007d45        0x349 build/default/production/_ext/1468720089/linked_list.o
 .debug_info      0x00808e        0x259 build/default/production/_ext/1468720089/memory_pool.o
 .debug_info      0x0082e7        0x7c3 build/default/production/_ext/1468720089/remote_device_db_memory.o
 .debug_info      0x008aaa       0x2b4a build/default/production/_ext/1468720089/rfcomm.o
 .debug_info      0x00b5f4        0x5a8 build/default/production/_ext/1468720089/run_loop.o
 .debug_info      0x00bb9c        0x71e build/default/production/_ext/1468720089/run_loop_embedded.o
 .debug_info      0x00c2ba        0xef9 build/default/production/_ext/1468720089/sdp.o
 .debug_info      0x00d1b3       0x18a3 build/default/production/_ext/1468720089/sdp_util.o
 .debug_info      0x00ea56        0x4fb build/default/production/_ext/1468720089/utils.o
 .debug_info      0x00ef51        0x139 build/default/production/_ext/2108356922/uart2.o
 .debug_info      0x00f08a        0xa1e build/default/production/_ext/2108356922/uart1.o
 .debug_info      0x00faa8       0x39e2 build/default/production/_ext/1360907413/usb_host.o
 .debug_info      0x01348a        0xae0 build/default/production/_ext/1360907413/usb_host_bluetooth.o
 .debug_info      0x013f6a       0x22fc build/default/production/_ext/1472/main.o
 .debug_info      0x016266        0x7fd build/default/production/_ext/1472/usb_config.o
 .debug_info      0x016a63        0x404 build/default/production/_ext/1472/xprintf.o
 .debug_info      0x016e67        0xa52 build/default/production/_ext/1472/flash.o
 .debug_info      0x0178b9        0x532 build/default/production/_ext/1472/dev_dragonrise.o
 .debug_info      0x017deb        0x53b build/default/production/_ext/1472/dev_elecom_u3312s.o
 .debug_info      0x018326        0x53c build/default/production/_ext/1472/dev_elecom_u3412s.o
 .debug_info      0x018862        0x532 build/default/production/_ext/1472/dev_logicool_f710.o
 .debug_info      0x018d94        0x9e8 build/default/production/_ext/1472/dev_sony_ps3.o
 .debug_info      0x01977c        0x53f build/default/production/_ext/1472/dev_logicool_f510.o
 .debug_info      0x019cbb        0x213 build/default/production/_ext/1472/TimeDelay.o
 *(.gnu.linkonce.wi.*)

.debug_abbrev     0x000000       0x2e82
 *(.debug_abbrev)
 .debug_abbrev    0x000000        0x141 build/default/production/_ext/1468720089/btstack_memory.o
 .debug_abbrev    0x000141        0x31d build/default/production/_ext/1468720089/hci.o
 .debug_abbrev    0x00045e         0xef build/default/production/_ext/1468720089/hci_cmds.o
 .debug_abbrev    0x00054d         0x92 build/default/production/_ext/1468720089/hci_dump.o
 .debug_abbrev    0x0005df        0x1fe build/default/production/_ext/1468720089/hci_transport_picusb.o
 .debug_abbrev    0x0007dd        0x28b build/default/production/_ext/1468720089/l2cap.o
 .debug_abbrev    0x000a68         0xe8 build/default/production/_ext/1468720089/l2cap_signaling.o
 .debug_abbrev    0x000b50         0xea build/default/production/_ext/1468720089/linked_list.o
 .debug_abbrev    0x000c3a         0xd1 build/default/production/_ext/1468720089/memory_pool.o
 .debug_abbrev    0x000d0b        0x17f build/default/production/_ext/1468720089/remote_device_db_memory.o
 .debug_abbrev    0x000e8a        0x221 build/default/production/_ext/1468720089/rfcomm.o
 .debug_abbrev    0x0010ab        0x11a build/default/production/_ext/1468720089/run_loop.o
 .debug_abbrev    0x0011c5        0x162 build/default/production/_ext/1468720089/run_loop_embedded.o
 .debug_abbrev    0x001327        0x211 build/default/production/_ext/1468720089/sdp.o
 .debug_abbrev    0x001538        0x218 build/default/production/_ext/1468720089/sdp_util.o
 .debug_abbrev    0x001750         0xbf build/default/production/_ext/1468720089/utils.o
 .debug_abbrev    0x00180f         0x1f build/default/production/_ext/2108356922/uart2.o
 .debug_abbrev    0x00182e        0x169 build/default/production/_ext/2108356922/uart1.o
 .debug_abbrev    0x001997        0x2d9 build/default/production/_ext/1360907413/usb_host.o
 .debug_abbrev    0x001c70        0x1c2 build/default/production/_ext/1360907413/usb_host_bluetooth.o
 .debug_abbrev    0x001e32        0x34f build/default/production/_ext/1472/main.o
 .debug_abbrev    0x002181        0x149 build/default/production/_ext/1472/usb_config.o
 .debug_abbrev    0x0022ca         0xe8 build/default/production/_ext/1472/xprintf.o
 .debug_abbrev    0x0023b2        0x1d7 build/default/production/_ext/1472/flash.o
 .debug_abbrev    0x002589        0x15e build/default/production/_ext/1472/dev_dragonrise.o
 .debug_abbrev    0x0026e7        0x15e build/default/production/_ext/1472/dev_elecom_u3312s.o
 .debug_abbrev    0x002845        0x15e build/default/production/_ext/1472/dev_elecom_u3412s.o
 .debug_abbrev    0x0029a3        0x15e build/default/production/_ext/1472/dev_logicool_f710.o
 .debug_abbrev    0x002b01        0x1bb build/default/production/_ext/1472/dev_sony_ps3.o
 .debug_abbrev    0x002cbc        0x15e build/default/production/_ext/1472/dev_logicool_f510.o
 .debug_abbrev    0x002e1a         0x68 build/default/production/_ext/1472/TimeDelay.o

.debug_line       0x000000       0x3710
 *(.debug_line)
 .debug_line      0x000000        0x154 build/default/production/_ext/1468720089/btstack_memory.o
 .debug_line      0x000154        0x3b7 build/default/production/_ext/1468720089/hci.o
 .debug_line      0x00050b         0xe1 build/default/production/_ext/1468720089/hci_cmds.o
 .debug_line      0x0005ec         0xa6 build/default/production/_ext/1468720089/hci_dump.o
 .debug_line      0x000692        0x160 build/default/production/_ext/1468720089/hci_transport_picusb.o
 .debug_line      0x0007f2        0x3b3 build/default/production/_ext/1468720089/l2cap.o
 .debug_line      0x000ba5         0xe4 build/default/production/_ext/1468720089/l2cap_signaling.o
 .debug_line      0x000c89         0x80 build/default/production/_ext/1468720089/linked_list.o
 .debug_line      0x000d09         0x6a build/default/production/_ext/1468720089/memory_pool.o
 .debug_line      0x000d73        0x137 build/default/production/_ext/1468720089/remote_device_db_memory.o
 .debug_line      0x000eaa        0x546 build/default/production/_ext/1468720089/rfcomm.o
 .debug_line      0x0013f0         0xda build/default/production/_ext/1468720089/run_loop.o
 .debug_line      0x0014ca        0x145 build/default/production/_ext/1468720089/run_loop_embedded.o
 .debug_line      0x00160f        0x206 build/default/production/_ext/1468720089/sdp.o
 .debug_line      0x001815        0x278 build/default/production/_ext/1468720089/sdp_util.o
 .debug_line      0x001a8d         0xba build/default/production/_ext/1468720089/utils.o
 .debug_line      0x001b47         0x1a build/default/production/_ext/2108356922/uart2.o
 .debug_line      0x001b61        0x187 build/default/production/_ext/2108356922/uart1.o
 .debug_line      0x001ce8        0x998 build/default/production/_ext/1360907413/usb_host.o
 .debug_line      0x002680        0x12f build/default/production/_ext/1360907413/usb_host_bluetooth.o
 .debug_line      0x0027af        0x36b build/default/production/_ext/1472/main.o
 .debug_line      0x002b1a         0x71 build/default/production/_ext/1472/usb_config.o
 .debug_line      0x002b8b        0x137 build/default/production/_ext/1472/xprintf.o
 .debug_line      0x002cc2        0x1e5 build/default/production/_ext/1472/flash.o
 .debug_line      0x002ea7        0x12c build/default/production/_ext/1472/dev_dragonrise.o
 .debug_line      0x002fd3        0x123 build/default/production/_ext/1472/dev_elecom_u3312s.o
 .debug_line      0x0030f6        0x123 build/default/production/_ext/1472/dev_elecom_u3412s.o
 .debug_line      0x003219        0x143 build/default/production/_ext/1472/dev_logicool_f710.o
 .debug_line      0x00335c        0x20e build/default/production/_ext/1472/dev_sony_ps3.o
 .debug_line      0x00356a        0x12f build/default/production/_ext/1472/dev_logicool_f510.o
 .debug_line      0x003699         0x77 build/default/production/_ext/1472/TimeDelay.o

.debug_frame      0x000000       0x2d3c
 *(.debug_frame)
 .debug_frame     0x000000        0x144 build/default/production/_ext/1468720089/btstack_memory.o
 .debug_frame     0x000144        0x510 build/default/production/_ext/1468720089/hci.o
 .debug_frame     0x000654         0x6c build/default/production/_ext/1468720089/hci_cmds.o
 .debug_frame     0x0006c0         0x60 build/default/production/_ext/1468720089/hci_dump.o
 .debug_frame     0x000720        0x116 build/default/production/_ext/1468720089/hci_transport_picusb.o
 .debug_frame     0x000836        0x54e build/default/production/_ext/1468720089/l2cap.o
 .debug_frame     0x000d84         0x68 build/default/production/_ext/1468720089/l2cap_signaling.o
 .debug_frame     0x000dec         0x84 build/default/production/_ext/1468720089/linked_list.o
 .debug_frame     0x000e70         0x60 build/default/production/_ext/1468720089/memory_pool.o
 .debug_frame     0x000ed0        0x126 build/default/production/_ext/1468720089/remote_device_db_memory.o
 .debug_frame     0x000ff6        0x69a build/default/production/_ext/1468720089/rfcomm.o
 .debug_frame     0x001690         0x94 build/default/production/_ext/1468720089/run_loop.o
 .debug_frame     0x001724         0xe8 build/default/production/_ext/1468720089/run_loop_embedded.o
 .debug_frame     0x00180c        0x21c build/default/production/_ext/1468720089/sdp.o
 .debug_frame     0x001a28        0x4a6 build/default/production/_ext/1468720089/sdp_util.o
 .debug_frame     0x001ece        0x11e build/default/production/_ext/1468720089/utils.o
 .debug_frame     0x001fec         0xa8 build/default/production/_ext/2108356922/uart1.o
 .debug_frame     0x002094        0x3f6 build/default/production/_ext/1360907413/usb_host.o
 .debug_frame     0x00248a         0xc2 build/default/production/_ext/1360907413/usb_host_bluetooth.o
 .debug_frame     0x00254c        0x28c build/default/production/_ext/1472/main.o
 .debug_frame     0x0027d8        0x1a2 build/default/production/_ext/1472/xprintf.o
 .debug_frame     0x00297a        0x106 build/default/production/_ext/1472/flash.o
 .debug_frame     0x002a80         0x4a build/default/production/_ext/1472/dev_dragonrise.o
 .debug_frame     0x002aca         0x4a build/default/production/_ext/1472/dev_elecom_u3312s.o
 .debug_frame     0x002b14         0x4a build/default/production/_ext/1472/dev_elecom_u3412s.o
 .debug_frame     0x002b5e         0x4a build/default/production/_ext/1472/dev_logicool_f710.o
 .debug_frame     0x002ba8         0xf6 build/default/production/_ext/1472/dev_sony_ps3.o
 .debug_frame     0x002c9e         0x4a build/default/production/_ext/1472/dev_logicool_f510.o
 .debug_frame     0x002ce8         0x54 build/default/production/_ext/1472/TimeDelay.o

.debug_str        0x000000       0x1056
 *(.debug_str)
 .debug_str       0x000000         0x78 build/default/production/_ext/1468720089/btstack_memory.o
 .debug_str       0x000078        0x1e6 build/default/production/_ext/1468720089/hci.o
 .debug_str       0x00025e          0xf build/default/production/_ext/1468720089/hci_cmds.o
 .debug_str       0x00026d         0x42 build/default/production/_ext/1468720089/hci_transport_picusb.o
 .debug_str       0x0002af         0xf0 build/default/production/_ext/1468720089/l2cap.o
 .debug_str       0x00039f         0x16 build/default/production/_ext/1468720089/l2cap_signaling.o
 .debug_str       0x0003b5          0xa build/default/production/_ext/1468720089/linked_list.o
 .debug_str       0x0003bf          0xc build/default/production/_ext/1468720089/memory_pool.o
 .debug_str       0x0003cb         0xb9 build/default/production/_ext/1468720089/remote_device_db_memory.o
 .debug_str       0x000484        0x14a build/default/production/_ext/1468720089/rfcomm.o
 .debug_str       0x0005ce         0x12 build/default/production/_ext/1468720089/run_loop.o
 .debug_str       0x0005e0          0xe build/default/production/_ext/1468720089/run_loop_embedded.o
 .debug_str       0x0005ee        0x169 build/default/production/_ext/1468720089/sdp.o
 .debug_str       0x000757        0x105 build/default/production/_ext/1468720089/sdp_util.o
 .debug_str       0x00085c          0xd build/default/production/_ext/1468720089/utils.o
 .debug_str       0x000869         0x27 build/default/production/_ext/2108356922/uart1.o
 .debug_str       0x000890        0x243 build/default/production/_ext/1360907413/usb_host.o
 .debug_str       0x000ad3         0x59 build/default/production/_ext/1360907413/usb_host_bluetooth.o
 .debug_str       0x000b2c        0x23c build/default/production/_ext/1472/main.o
 .debug_str       0x000d68          0xa build/default/production/_ext/1472/xprintf.o
 .debug_str       0x000d72         0x23 build/default/production/_ext/1472/flash.o
 .debug_str       0x000d95         0x5a build/default/production/_ext/1472/dev_dragonrise.o
 .debug_str       0x000def         0x5a build/default/production/_ext/1472/dev_elecom_u3312s.o
 .debug_str       0x000e49         0x5a build/default/production/_ext/1472/dev_elecom_u3412s.o
 .debug_str       0x000ea3         0x5a build/default/production/_ext/1472/dev_logicool_f710.o
 .debug_str       0x000efd         0xff build/default/production/_ext/1472/dev_sony_ps3.o
 .debug_str       0x000ffc         0x5a build/default/production/_ext/1472/dev_logicool_f510.o

.debug_loc
 *(.debug_loc)

.debug_macinfo
 *(.debug_macinfo)

.debug_pubnames
                  0x000000       0x2a50
 *(.debug_pubnames)
 .debug_pubnames
                  0x000000        0x2fb build/default/production/_ext/1468720089/btstack_memory.o
 .debug_pubnames
                  0x0002fb        0x347 build/default/production/_ext/1468720089/hci.o
 .debug_pubnames
                  0x000642        0x8d0 build/default/production/_ext/1468720089/hci_cmds.o
 .debug_pubnames
                  0x000f12         0x5c build/default/production/_ext/1468720089/hci_dump.o
 .debug_pubnames
                  0x000f6e         0x85 build/default/production/_ext/1468720089/hci_transport_picusb.o
 .debug_pubnames
                  0x000ff3        0x395 build/default/production/_ext/1468720089/l2cap.o
 .debug_pubnames
                  0x001388         0x83 build/default/production/_ext/1468720089/l2cap_signaling.o
 .debug_pubnames
                  0x00140b         0xbc build/default/production/_ext/1468720089/linked_list.o
 .debug_pubnames
                  0x0014c7         0x52 build/default/production/_ext/1468720089/memory_pool.o
 .debug_pubnames
                  0x001519         0x54 build/default/production/_ext/1468720089/remote_device_db_memory.o
 .debug_pubnames
                  0x00156d        0x26d build/default/production/_ext/1468720089/rfcomm.o
 .debug_pubnames
                  0x0017da         0xd3 build/default/production/_ext/1468720089/run_loop.o
 .debug_pubnames
                  0x0018ad        0x132 build/default/production/_ext/1468720089/run_loop_embedded.o
 .debug_pubnames
                  0x0019df        0x1b2 build/default/production/_ext/1468720089/sdp.o
 .debug_pubnames
                  0x001b91        0x317 build/default/production/_ext/1468720089/sdp_util.o
 .debug_pubnames
                  0x001ea8         0xca build/default/production/_ext/1468720089/utils.o
 .debug_pubnames
                  0x001f72         0x96 build/default/production/_ext/2108356922/uart1.o
 .debug_pubnames
                  0x002008        0x3e6 build/default/production/_ext/1360907413/usb_host.o
 .debug_pubnames
                  0x0023ee         0xf4 build/default/production/_ext/1360907413/usb_host_bluetooth.o
 .debug_pubnames
                  0x0024e2        0x28f build/default/production/_ext/1472/main.o
 .debug_pubnames
                  0x002771         0x33 build/default/production/_ext/1472/usb_config.o
 .debug_pubnames
                  0x0027a4         0x72 build/default/production/_ext/1472/xprintf.o
 .debug_pubnames
                  0x002816         0xf2 build/default/production/_ext/1472/flash.o
 .debug_pubnames
                  0x002908         0x25 build/default/production/_ext/1472/dev_dragonrise.o
 .debug_pubnames
                  0x00292d         0x28 build/default/production/_ext/1472/dev_elecom_u3312s.o
 .debug_pubnames
                  0x002955         0x28 build/default/production/_ext/1472/dev_elecom_u3412s.o
 .debug_pubnames
                  0x00297d         0x28 build/default/production/_ext/1472/dev_logicool_f710.o
 .debug_pubnames
                  0x0029a5         0x57 build/default/production/_ext/1472/dev_sony_ps3.o
 .debug_pubnames
                  0x0029fc         0x28 build/default/production/_ext/1472/dev_logicool_f510.o
 .debug_pubnames
                  0x002a24         0x2c build/default/production/_ext/1472/TimeDelay.o

.debug_ranges
 *(.debug_ranges)

.debug_aranges    0x000000        0x2b8
 *(.debug_aranges)
 .debug_aranges
                  0x000000         0x18 build/default/production/_ext/1468720089/btstack_memory.o
 .debug_aranges
                  0x000018         0x18 build/default/production/_ext/1468720089/hci.o
 .debug_aranges
                  0x000030         0x18 build/default/production/_ext/1468720089/hci_cmds.o
 .debug_aranges
                  0x000048         0x18 build/default/production/_ext/1468720089/hci_dump.o
 .debug_aranges
                  0x000060         0x18 build/default/production/_ext/1468720089/hci_transport_picusb.o
 .debug_aranges
                  0x000078         0x18 build/default/production/_ext/1468720089/l2cap.o
 .debug_aranges
                  0x000090         0x18 build/default/production/_ext/1468720089/l2cap_signaling.o
 .debug_aranges
                  0x0000a8         0x18 build/default/production/_ext/1468720089/linked_list.o
 .debug_aranges
                  0x0000c0         0x18 build/default/production/_ext/1468720089/memory_pool.o
 .debug_aranges
                  0x0000d8         0x18 build/default/production/_ext/1468720089/remote_device_db_memory.o
 .debug_aranges
                  0x0000f0         0x18 build/default/production/_ext/1468720089/rfcomm.o
 .debug_aranges
                  0x000108         0x18 build/default/production/_ext/1468720089/run_loop.o
 .debug_aranges
                  0x000120         0x18 build/default/production/_ext/1468720089/run_loop_embedded.o
 .debug_aranges
                  0x000138         0x18 build/default/production/_ext/1468720089/sdp.o
 .debug_aranges
                  0x000150         0x18 build/default/production/_ext/1468720089/sdp_util.o
 .debug_aranges
                  0x000168         0x18 build/default/production/_ext/1468720089/utils.o
 .debug_aranges
                  0x000180         0x18 build/default/production/_ext/2108356922/uart1.o
 .debug_aranges
                  0x000198         0x18 build/default/production/_ext/1360907413/usb_host.o
 .debug_aranges
                  0x0001b0         0x18 build/default/production/_ext/1360907413/usb_host_bluetooth.o
 .debug_aranges
                  0x0001c8         0x18 build/default/production/_ext/1472/main.o
 .debug_aranges
                  0x0001e0         0x18 build/default/production/_ext/1472/xprintf.o
 .debug_aranges
                  0x0001f8         0x18 build/default/production/_ext/1472/flash.o
 .debug_aranges
                  0x000210         0x18 build/default/production/_ext/1472/dev_dragonrise.o
 .debug_aranges
                  0x000228         0x18 build/default/production/_ext/1472/dev_elecom_u3312s.o
 .debug_aranges
                  0x000240         0x18 build/default/production/_ext/1472/dev_elecom_u3412s.o
 .debug_aranges
                  0x000258         0x18 build/default/production/_ext/1472/dev_logicool_f710.o
 .debug_aranges
                  0x000270         0x18 build/default/production/_ext/1472/dev_sony_ps3.o
 .debug_aranges
                  0x000288         0x18 build/default/production/_ext/1472/dev_logicool_f510.o
 .debug_aranges
                  0x0002a0         0x18 build/default/production/_ext/1472/TimeDelay.o
                    0x0000                  WREG0 = 0x0
                    0x0000                  _WREG0 = 0x0
                    0x0002                  WREG1 = 0x2
                    0x0002                  _WREG1 = 0x2
                    0x0004                  WREG2 = 0x4
                    0x0004                  _WREG2 = 0x4
                    0x0006                  WREG3 = 0x6
                    0x0006                  _WREG3 = 0x6
                    0x0008                  WREG4 = 0x8
                    0x0008                  _WREG4 = 0x8
                    0x000a                  WREG5 = 0xa
                    0x000a                  _WREG5 = 0xa
                    0x000c                  WREG6 = 0xc
                    0x000c                  _WREG6 = 0xc
                    0x000e                  WREG7 = 0xe
                    0x000e                  _WREG7 = 0xe
                    0x0010                  WREG8 = 0x10
                    0x0010                  _WREG8 = 0x10
                    0x0012                  WREG9 = 0x12
                    0x0012                  _WREG9 = 0x12
                    0x0014                  WREG10 = 0x14
                    0x0014                  _WREG10 = 0x14
                    0x0016                  WREG11 = 0x16
                    0x0016                  _WREG11 = 0x16
                    0x0018                  WREG12 = 0x18
                    0x0018                  _WREG12 = 0x18
                    0x001a                  WREG13 = 0x1a
                    0x001a                  _WREG13 = 0x1a
                    0x001c                  WREG14 = 0x1c
                    0x001c                  _WREG14 = 0x1c
                    0x001e                  WREG15 = 0x1e
                    0x001e                  _WREG15 = 0x1e
                    0x0020                  SPLIM = 0x20
                    0x0020                  _SPLIM = 0x20
                    0x002e                  PCL = 0x2e
                    0x002e                  _PCL = 0x2e
                    0x0030                  PCH = 0x30
                    0x0030                  _PCH = 0x30
                    0x0032                  TBLPAG = 0x32
                    0x0032                  _TBLPAG = 0x32
                    0x0034                  PSVPAG = 0x34
                    0x0034                  _PSVPAG = 0x34
                    0x0036                  RCOUNT = 0x36
                    0x0036                  _RCOUNT = 0x36
                    0x0042                  SR = 0x42
                    0x0042                  _SR = 0x42
                    0x0042                  _SRbits = 0x42
                    0x0044                  CORCON = 0x44
                    0x0044                  _CORCON = 0x44
                    0x0044                  _CORCONbits = 0x44
                    0x0052                  DISICNT = 0x52
                    0x0052                  _DISICNT = 0x52
                    0x0060                  CNEN1 = 0x60
                    0x0060                  _CNEN1 = 0x60
                    0x0060                  _CNEN1bits = 0x60
                    0x0062                  CNEN2 = 0x62
                    0x0062                  _CNEN2 = 0x62
                    0x0062                  _CNEN2bits = 0x62
                    0x0068                  CNPU1 = 0x68
                    0x0068                  _CNPU1 = 0x68
                    0x0068                  _CNPU1bits = 0x68
                    0x006a                  CNPU2 = 0x6a
                    0x006a                  _CNPU2 = 0x6a
                    0x006a                  _CNPU2bits = 0x6a
                    0x0080                  INTCON1 = 0x80
                    0x0080                  _INTCON1 = 0x80
                    0x0080                  _INTCON1bits = 0x80
                    0x0082                  INTCON2 = 0x82
                    0x0082                  _INTCON2 = 0x82
                    0x0082                  _INTCON2bits = 0x82
                    0x0084                  IFS0 = 0x84
                    0x0084                  _IFS0 = 0x84
                    0x0084                  _IFS0bits = 0x84
                    0x0086                  IFS1 = 0x86
                    0x0086                  _IFS1 = 0x86
                    0x0086                  _IFS1bits = 0x86
                    0x0088                  IFS2 = 0x88
                    0x0088                  _IFS2 = 0x88
                    0x0088                  _IFS2bits = 0x88
                    0x008a                  IFS3 = 0x8a
                    0x008a                  _IFS3 = 0x8a
                    0x008a                  _IFS3bits = 0x8a
                    0x008c                  IFS4 = 0x8c
                    0x008c                  _IFS4 = 0x8c
                    0x008c                  _IFS4bits = 0x8c
                    0x008e                  IFS5 = 0x8e
                    0x008e                  _IFS5 = 0x8e
                    0x008e                  _IFS5bits = 0x8e
                    0x0094                  IEC0 = 0x94
                    0x0094                  _IEC0 = 0x94
                    0x0094                  _IEC0bits = 0x94
                    0x0096                  IEC1 = 0x96
                    0x0096                  _IEC1 = 0x96
                    0x0096                  _IEC1bits = 0x96
                    0x0098                  IEC2 = 0x98
                    0x0098                  _IEC2 = 0x98
                    0x0098                  _IEC2bits = 0x98
                    0x009a                  IEC3 = 0x9a
                    0x009a                  _IEC3 = 0x9a
                    0x009a                  _IEC3bits = 0x9a
                    0x009c                  IEC4 = 0x9c
                    0x009c                  _IEC4 = 0x9c
                    0x009c                  _IEC4bits = 0x9c
                    0x009e                  IEC5 = 0x9e
                    0x009e                  _IEC5 = 0x9e
                    0x009e                  _IEC5bits = 0x9e
                    0x00a4                  IPC0 = 0xa4
                    0x00a4                  _IPC0 = 0xa4
                    0x00a4                  _IPC0bits = 0xa4
                    0x00a6                  IPC1 = 0xa6
                    0x00a6                  _IPC1 = 0xa6
                    0x00a6                  _IPC1bits = 0xa6
                    0x00a8                  IPC2 = 0xa8
                    0x00a8                  _IPC2 = 0xa8
                    0x00a8                  _IPC2bits = 0xa8
                    0x00aa                  IPC3 = 0xaa
                    0x00aa                  _IPC3 = 0xaa
                    0x00aa                  _IPC3bits = 0xaa
                    0x00ac                  IPC4 = 0xac
                    0x00ac                  _IPC4 = 0xac
                    0x00ac                  _IPC4bits = 0xac
                    0x00ae                  IPC5 = 0xae
                    0x00ae                  _IPC5 = 0xae
                    0x00ae                  _IPC5bits = 0xae
                    0x00b0                  IPC6 = 0xb0
                    0x00b0                  _IPC6 = 0xb0
                    0x00b0                  _IPC6bits = 0xb0
                    0x00b2                  IPC7 = 0xb2
                    0x00b2                  _IPC7 = 0xb2
                    0x00b2                  _IPC7bits = 0xb2
                    0x00b4                  IPC8 = 0xb4
                    0x00b4                  _IPC8 = 0xb4
                    0x00b4                  _IPC8bits = 0xb4
                    0x00b6                  IPC9 = 0xb6
                    0x00b6                  _IPC9 = 0xb6
                    0x00b6                  _IPC9bits = 0xb6
                    0x00b8                  IPC10 = 0xb8
                    0x00b8                  _IPC10 = 0xb8
                    0x00b8                  _IPC10bits = 0xb8
                    0x00ba                  IPC11 = 0xba
                    0x00ba                  _IPC11 = 0xba
                    0x00ba                  _IPC11bits = 0xba
                    0x00bc                  IPC12 = 0xbc
                    0x00bc                  _IPC12 = 0xbc
                    0x00bc                  _IPC12bits = 0xbc
                    0x00c2                  IPC15 = 0xc2
                    0x00c2                  _IPC15 = 0xc2
                    0x00c2                  _IPC15bits = 0xc2
                    0x00c4                  IPC16 = 0xc4
                    0x00c4                  _IPC16 = 0xc4
                    0x00c4                  _IPC16bits = 0xc4
                    0x00c8                  IPC18 = 0xc8
                    0x00c8                  _IPC18 = 0xc8
                    0x00c8                  _IPC18bits = 0xc8
                    0x00ca                  IPC19 = 0xca
                    0x00ca                  _IPC19 = 0xca
                    0x00ca                  _IPC19bits = 0xca
                    0x00ce                  IPC21 = 0xce
                    0x00ce                  _IPC21 = 0xce
                    0x00ce                  _IPC21bits = 0xce
                    0x00e0                  INTTREG = 0xe0
                    0x00e0                  _INTTREG = 0xe0
                    0x00e0                  _INTTREGbits = 0xe0
                    0x0100                  TMR1 = 0x100
                    0x0100                  _TMR1 = 0x100
                    0x0102                  PR1 = 0x102
                    0x0102                  _PR1 = 0x102
                    0x0104                  T1CON = 0x104
                    0x0104                  _T1CON = 0x104
                    0x0104                  _T1CONbits = 0x104
                    0x0106                  TMR2 = 0x106
                    0x0106                  _TMR2 = 0x106
                    0x0108                  TMR3HLD = 0x108
                    0x0108                  _TMR3HLD = 0x108
                    0x010a                  TMR3 = 0x10a
                    0x010a                  _TMR3 = 0x10a
                    0x010c                  PR2 = 0x10c
                    0x010c                  _PR2 = 0x10c
                    0x010e                  PR3 = 0x10e
                    0x010e                  _PR3 = 0x10e
                    0x0110                  T2CON = 0x110
                    0x0110                  _T2CON = 0x110
                    0x0110                  _T2CONbits = 0x110
                    0x0112                  T3CON = 0x112
                    0x0112                  _T3CON = 0x112
                    0x0112                  _T3CONbits = 0x112
                    0x0114                  TMR4 = 0x114
                    0x0114                  _TMR4 = 0x114
                    0x0116                  TMR5HLD = 0x116
                    0x0116                  _TMR5HLD = 0x116
                    0x0118                  TMR5 = 0x118
                    0x0118                  _TMR5 = 0x118
                    0x011a                  PR4 = 0x11a
                    0x011a                  _PR4 = 0x11a
                    0x011c                  PR5 = 0x11c
                    0x011c                  _PR5 = 0x11c
                    0x011e                  T4CON = 0x11e
                    0x011e                  _T4CON = 0x11e
                    0x011e                  _T4CONbits = 0x11e
                    0x0120                  T5CON = 0x120
                    0x0120                  _T5CON = 0x120
                    0x0120                  _T5CONbits = 0x120
                    0x0140                  IC1CON1 = 0x140
                    0x0140                  _IC1CON1 = 0x140
                    0x0140                  _IC1CON1bits = 0x140
                    0x0142                  IC1CON2 = 0x142
                    0x0142                  _IC1CON2 = 0x142
                    0x0142                  _IC1CON2bits = 0x142
                    0x0144                  IC1BUF = 0x144
                    0x0144                  _IC1BUF = 0x144
                    0x0146                  IC1TMR = 0x146
                    0x0146                  _IC1TMR = 0x146
                    0x0148                  IC2CON1 = 0x148
                    0x0148                  _IC2CON1 = 0x148
                    0x0148                  _IC2CON1bits = 0x148
                    0x014a                  IC2CON2 = 0x14a
                    0x014a                  _IC2CON2 = 0x14a
                    0x014a                  _IC2CON2bits = 0x14a
                    0x014c                  IC2BUF = 0x14c
                    0x014c                  _IC2BUF = 0x14c
                    0x014e                  IC2TMR = 0x14e
                    0x014e                  _IC2TMR = 0x14e
                    0x0150                  IC3CON1 = 0x150
                    0x0150                  _IC3CON1 = 0x150
                    0x0150                  _IC3CON1bits = 0x150
                    0x0152                  IC3CON2 = 0x152
                    0x0152                  _IC3CON2 = 0x152
                    0x0152                  _IC3CON2bits = 0x152
                    0x0154                  IC3BUF = 0x154
                    0x0154                  _IC3BUF = 0x154
                    0x0156                  IC3TMR = 0x156
                    0x0156                  _IC3TMR = 0x156
                    0x0158                  IC4CON1 = 0x158
                    0x0158                  _IC4CON1 = 0x158
                    0x0158                  _IC4CON1bits = 0x158
                    0x015a                  IC4CON2 = 0x15a
                    0x015a                  _IC4CON2 = 0x15a
                    0x015a                  _IC4CON2bits = 0x15a
                    0x015c                  IC4BUF = 0x15c
                    0x015c                  _IC4BUF = 0x15c
                    0x015e                  IC4TMR = 0x15e
                    0x015e                  _IC4TMR = 0x15e
                    0x0160                  IC5CON1 = 0x160
                    0x0160                  _IC5CON1 = 0x160
                    0x0160                  _IC5CON1bits = 0x160
                    0x0162                  IC5CON2 = 0x162
                    0x0162                  _IC5CON2 = 0x162
                    0x0162                  _IC5CON2bits = 0x162
                    0x0164                  IC5BUF = 0x164
                    0x0164                  _IC5BUF = 0x164
                    0x0166                  IC5TMR = 0x166
                    0x0166                  _IC5TMR = 0x166
                    0x0190                  OC1CON1 = 0x190
                    0x0190                  _OC1CON1 = 0x190
                    0x0190                  _OC1CON1bits = 0x190
                    0x0192                  OC1CON2 = 0x192
                    0x0192                  _OC1CON2 = 0x192
                    0x0192                  _OC1CON2bits = 0x192
                    0x0194                  OC1RS = 0x194
                    0x0194                  _OC1RS = 0x194
                    0x0196                  OC1R = 0x196
                    0x0196                  _OC1R = 0x196
                    0x0198                  OC1TMR = 0x198
                    0x0198                  _OC1TMR = 0x198
                    0x019a                  OC2CON1 = 0x19a
                    0x019a                  _OC2CON1 = 0x19a
                    0x019a                  _OC2CON1bits = 0x19a
                    0x019c                  OC2CON2 = 0x19c
                    0x019c                  _OC2CON2 = 0x19c
                    0x019c                  _OC2CON2bits = 0x19c
                    0x019e                  OC2RS = 0x19e
                    0x019e                  _OC2RS = 0x19e
                    0x01a0                  OC2R = 0x1a0
                    0x01a0                  _OC2R = 0x1a0
                    0x01a2                  OC2TMR = 0x1a2
                    0x01a2                  _OC2TMR = 0x1a2
                    0x01a4                  OC3CON1 = 0x1a4
                    0x01a4                  _OC3CON1 = 0x1a4
                    0x01a4                  _OC3CON1bits = 0x1a4
                    0x01a6                  OC3CON2 = 0x1a6
                    0x01a6                  _OC3CON2 = 0x1a6
                    0x01a6                  _OC3CON2bits = 0x1a6
                    0x01a8                  OC3RS = 0x1a8
                    0x01a8                  _OC3RS = 0x1a8
                    0x01aa                  OC3R = 0x1aa
                    0x01aa                  _OC3R = 0x1aa
                    0x01ac                  OC3TMR = 0x1ac
                    0x01ac                  _OC3TMR = 0x1ac
                    0x01ae                  OC4CON1 = 0x1ae
                    0x01ae                  _OC4CON1 = 0x1ae
                    0x01ae                  _OC4CON1bits = 0x1ae
                    0x01b0                  OC4CON2 = 0x1b0
                    0x01b0                  _OC4CON2 = 0x1b0
                    0x01b0                  _OC4CON2bits = 0x1b0
                    0x01b2                  OC4RS = 0x1b2
                    0x01b2                  _OC4RS = 0x1b2
                    0x01b4                  OC4R = 0x1b4
                    0x01b4                  _OC4R = 0x1b4
                    0x01b6                  OC4TMR = 0x1b6
                    0x01b6                  _OC4TMR = 0x1b6
                    0x01b8                  OC5CON1 = 0x1b8
                    0x01b8                  _OC5CON1 = 0x1b8
                    0x01b8                  _OC5CON1bits = 0x1b8
                    0x01ba                  OC5CON2 = 0x1ba
                    0x01ba                  _OC5CON2 = 0x1ba
                    0x01ba                  _OC5CON2bits = 0x1ba
                    0x01bc                  OC5RS = 0x1bc
                    0x01bc                  _OC5RS = 0x1bc
                    0x01be                  OC5R = 0x1be
                    0x01be                  _OC5R = 0x1be
                    0x01c0                  OC5TMR = 0x1c0
                    0x01c0                  _OC5TMR = 0x1c0
                    0x0200                  I2C1RCV = 0x200
                    0x0200                  _I2C1RCV = 0x200
                    0x0202                  I2C1TRN = 0x202
                    0x0202                  _I2C1TRN = 0x202
                    0x0204                  I2C1BRG = 0x204
                    0x0204                  _I2C1BRG = 0x204
                    0x0206                  I2C1CON = 0x206
                    0x0206                  _I2C1CON = 0x206
                    0x0206                  _I2C1CONbits = 0x206
                    0x0208                  I2C1STAT = 0x208
                    0x0208                  _I2C1STAT = 0x208
                    0x0208                  _I2C1STATbits = 0x208
                    0x020a                  I2C1ADD = 0x20a
                    0x020a                  _I2C1ADD = 0x20a
                    0x020c                  I2C1MSK = 0x20c
                    0x020c                  _I2C1MSK = 0x20c
                    0x0210                  I2C2RCV = 0x210
                    0x0210                  _I2C2RCV = 0x210
                    0x0212                  I2C2TRN = 0x212
                    0x0212                  _I2C2TRN = 0x212
                    0x0214                  I2C2BRG = 0x214
                    0x0214                  _I2C2BRG = 0x214
                    0x0216                  I2C2CON = 0x216
                    0x0216                  _I2C2CON = 0x216
                    0x0216                  _I2C2CONbits = 0x216
                    0x0218                  I2C2STAT = 0x218
                    0x0218                  _I2C2STAT = 0x218
                    0x0218                  _I2C2STATbits = 0x218
                    0x021a                  I2C2ADD = 0x21a
                    0x021a                  _I2C2ADD = 0x21a
                    0x021c                  I2C2MSK = 0x21c
                    0x021c                  _I2C2MSK = 0x21c
                    0x0220                  U1MODE = 0x220
                    0x0220                  _U1MODE = 0x220
                    0x0220                  _U1MODEbits = 0x220
                    0x0222                  U1STA = 0x222
                    0x0222                  _U1STA = 0x222
                    0x0222                  _U1STAbits = 0x222
                    0x0224                  U1TXREG = 0x224
                    0x0224                  _U1TXREG = 0x224
                    0x0224                  _U1TXREGbits = 0x224
                    0x0226                  U1RXREG = 0x226
                    0x0226                  _U1RXREG = 0x226
                    0x0226                  _U1RXREGbits = 0x226
                    0x0228                  U1BRG = 0x228
                    0x0228                  _U1BRG = 0x228
                    0x0230                  U2MODE = 0x230
                    0x0230                  _U2MODE = 0x230
                    0x0230                  _U2MODEbits = 0x230
                    0x0232                  U2STA = 0x232
                    0x0232                  _U2STA = 0x232
                    0x0232                  _U2STAbits = 0x232
                    0x0234                  U2TXREG = 0x234
                    0x0234                  _U2TXREG = 0x234
                    0x0234                  _U2TXREGbits = 0x234
                    0x0236                  U2RXREG = 0x236
                    0x0236                  _U2RXREG = 0x236
                    0x0236                  _U2RXREGbits = 0x236
                    0x0238                  U2BRG = 0x238
                    0x0238                  _U2BRG = 0x238
                    0x0240                  SPI1STAT = 0x240
                    0x0240                  _SPI1STAT = 0x240
                    0x0240                  _SPI1STATbits = 0x240
                    0x0242                  SPI1CON1 = 0x242
                    0x0242                  _SPI1CON1 = 0x242
                    0x0242                  _SPI1CON1bits = 0x242
                    0x0244                  SPI1CON2 = 0x244
                    0x0244                  _SPI1CON2 = 0x244
                    0x0244                  _SPI1CON2bits = 0x244
                    0x0248                  SPI1BUF = 0x248
                    0x0248                  _SPI1BUF = 0x248
                    0x0260                  SPI2STAT = 0x260
                    0x0260                  _SPI2STAT = 0x260
                    0x0260                  _SPI2STATbits = 0x260
                    0x0262                  SPI2CON1 = 0x262
                    0x0262                  _SPI2CON1 = 0x262
                    0x0262                  _SPI2CON1bits = 0x262
                    0x0264                  SPI2CON2 = 0x264
                    0x0264                  _SPI2CON2 = 0x264
                    0x0264                  _SPI2CON2bits = 0x264
                    0x0268                  SPI2BUF = 0x268
                    0x0268                  _SPI2BUF = 0x268
                    0x02c0                  TRISA = 0x2c0
                    0x02c0                  _TRISA = 0x2c0
                    0x02c0                  _TRISAbits = 0x2c0
                    0x02c2                  PORTA = 0x2c2
                    0x02c2                  _PORTA = 0x2c2
                    0x02c2                  _PORTAbits = 0x2c2
                    0x02c4                  LATA = 0x2c4
                    0x02c4                  _LATA = 0x2c4
                    0x02c4                  _LATAbits = 0x2c4
                    0x02c6                  ODCA = 0x2c6
                    0x02c6                  _ODCA = 0x2c6
                    0x02c6                  _ODCAbits = 0x2c6
                    0x02c8                  TRISB = 0x2c8
                    0x02c8                  _TRISB = 0x2c8
                    0x02c8                  _TRISBbits = 0x2c8
                    0x02ca                  PORTB = 0x2ca
                    0x02ca                  _PORTB = 0x2ca
                    0x02ca                  _PORTBbits = 0x2ca
                    0x02cc                  LATB = 0x2cc
                    0x02cc                  _LATB = 0x2cc
                    0x02cc                  _LATBbits = 0x2cc
                    0x02ce                  ODCB = 0x2ce
                    0x02ce                  _ODCB = 0x2ce
                    0x02ce                  _ODCBbits = 0x2ce
                    0x02d0                  TRISC = 0x2d0
                    0x02d0                  _TRISC = 0x2d0
                    0x02d0                  _TRISCbits = 0x2d0
                    0x02d2                  PORTC = 0x2d2
                    0x02d2                  _PORTC = 0x2d2
                    0x02d2                  _PORTCbits = 0x2d2
                    0x02d4                  LATC = 0x2d4
                    0x02d4                  _LATC = 0x2d4
                    0x02d4                  _LATCbits = 0x2d4
                    0x02d6                  ODCC = 0x2d6
                    0x02d6                  _ODCC = 0x2d6
                    0x02d6                  _ODCCbits = 0x2d6
                    0x02fc                  PADCFG1 = 0x2fc
                    0x02fc                  _PADCFG1 = 0x2fc
                    0x02fc                  _PADCFG1bits = 0x2fc
                    0x0300                  ADC1BUF0 = 0x300
                    0x0300                  _ADC1BUF0 = 0x300
                    0x0302                  ADC1BUF1 = 0x302
                    0x0302                  _ADC1BUF1 = 0x302
                    0x0304                  ADC1BUF2 = 0x304
                    0x0304                  _ADC1BUF2 = 0x304
                    0x0306                  ADC1BUF3 = 0x306
                    0x0306                  _ADC1BUF3 = 0x306
                    0x0308                  ADC1BUF4 = 0x308
                    0x0308                  _ADC1BUF4 = 0x308
                    0x030a                  ADC1BUF5 = 0x30a
                    0x030a                  _ADC1BUF5 = 0x30a
                    0x030c                  ADC1BUF6 = 0x30c
                    0x030c                  _ADC1BUF6 = 0x30c
                    0x030e                  ADC1BUF7 = 0x30e
                    0x030e                  _ADC1BUF7 = 0x30e
                    0x0310                  ADC1BUF8 = 0x310
                    0x0310                  _ADC1BUF8 = 0x310
                    0x0312                  ADC1BUF9 = 0x312
                    0x0312                  _ADC1BUF9 = 0x312
                    0x0314                  ADC1BUFA = 0x314
                    0x0314                  _ADC1BUFA = 0x314
                    0x0316                  ADC1BUFB = 0x316
                    0x0316                  _ADC1BUFB = 0x316
                    0x0318                  ADC1BUFC = 0x318
                    0x0318                  _ADC1BUFC = 0x318
                    0x031a                  ADC1BUFD = 0x31a
                    0x031a                  _ADC1BUFD = 0x31a
                    0x031c                  ADC1BUFE = 0x31c
                    0x031c                  _ADC1BUFE = 0x31c
                    0x031e                  ADC1BUFF = 0x31e
                    0x031e                  _ADC1BUFF = 0x31e
                    0x0320                  AD1CON1 = 0x320
                    0x0320                  _AD1CON1 = 0x320
                    0x0320                  _AD1CON1bits = 0x320
                    0x0322                  AD1CON2 = 0x322
                    0x0322                  _AD1CON2 = 0x322
                    0x0322                  _AD1CON2bits = 0x322
                    0x0324                  AD1CON3 = 0x324
                    0x0324                  _AD1CON3 = 0x324
                    0x0324                  _AD1CON3bits = 0x324
                    0x0328                  AD1CHS = 0x328
                    0x0328                  _AD1CHS = 0x328
                    0x0328                  _AD1CHSbits = 0x328
                    0x0328                  AD1CHS0 = 0x328
                    0x0328                  _AD1CHS0 = 0x328
                    0x0328                  _AD1CHS0bits = 0x328
                    0x032c                  AD1PCFG = 0x32c
                    0x032c                  _AD1PCFG = 0x32c
                    0x032c                  _AD1PCFGbits = 0x32c
                    0x032c                  AD1PCFGL = 0x32c
                    0x032c                  _AD1PCFGL = 0x32c
                    0x032c                  _AD1PCFGLbits = 0x32c
                    0x0330                  AD1CSSL = 0x330
                    0x0330                  _AD1CSSL = 0x330
                    0x0330                  _AD1CSSLbits = 0x330
                    0x033c                  CTMUCON = 0x33c
                    0x033c                  _CTMUCON = 0x33c
                    0x033c                  _CTMUCONbits = 0x33c
                    0x033e                  CTMUICON = 0x33e
                    0x033e                  _CTMUICON = 0x33e
                    0x033e                  _CTMUICONbits = 0x33e
                    0x0480                  U1OTGIR = 0x480
                    0x0480                  _U1OTGIR = 0x480
                    0x0480                  _U1OTGIRbits = 0x480
                    0x0482                  U1OTGIE = 0x482
                    0x0482                  _U1OTGIE = 0x482
                    0x0482                  _U1OTGIEbits = 0x482
                    0x0484                  U1OTGSTAT = 0x484
                    0x0484                  _U1OTGSTAT = 0x484
                    0x0484                  _U1OTGSTATbits = 0x484
                    0x0486                  U1OTGCON = 0x486
                    0x0486                  _U1OTGCON = 0x486
                    0x0486                  _U1OTGCONbits = 0x486
                    0x0488                  U1PWRC = 0x488
                    0x0488                  _U1PWRC = 0x488
                    0x0488                  _U1PWRCbits = 0x488
                    0x048a                  U1IR = 0x48a
                    0x048a                  _U1IR = 0x48a
                    0x048a                  _U1IRbits = 0x48a
                    0x048c                  U1IE = 0x48c
                    0x048c                  _U1IE = 0x48c
                    0x048c                  _U1IEbits = 0x48c
                    0x048e                  U1EIR = 0x48e
                    0x048e                  _U1EIR = 0x48e
                    0x048e                  _U1EIRbits = 0x48e
                    0x0490                  U1EIE = 0x490
                    0x0490                  _U1EIE = 0x490
                    0x0490                  _U1EIEbits = 0x490
                    0x0492                  U1STAT = 0x492
                    0x0492                  _U1STAT = 0x492
                    0x0492                  _U1STATbits = 0x492
                    0x0494                  U1CON = 0x494
                    0x0494                  _U1CON = 0x494
                    0x0494                  _U1CONbits = 0x494
                    0x0496                  U1ADDR = 0x496
                    0x0496                  _U1ADDR = 0x496
                    0x0496                  _U1ADDRbits = 0x496
                    0x0498                  U1BDTP1 = 0x498
                    0x0498                  _U1BDTP1 = 0x498
                    0x0498                  _U1BDTP1bits = 0x498
                    0x049a                  U1FRML = 0x49a
                    0x049a                  _U1FRML = 0x49a
                    0x049a                  _U1FRMLbits = 0x49a
                    0x049c                  U1FRMH = 0x49c
                    0x049c                  _U1FRMH = 0x49c
                    0x049c                  _U1FRMHbits = 0x49c
                    0x049e                  U1TOK = 0x49e
                    0x049e                  _U1TOK = 0x49e
                    0x049e                  _U1TOKbits = 0x49e
                    0x04a0                  U1SOF = 0x4a0
                    0x04a0                  _U1SOF = 0x4a0
                    0x04a0                  _U1SOFbits = 0x4a0
                    0x04a6                  U1CNFG1 = 0x4a6
                    0x04a6                  _U1CNFG1 = 0x4a6
                    0x04a6                  _U1CNFG1bits = 0x4a6
                    0x04a8                  U1CNFG2 = 0x4a8
                    0x04a8                  _U1CNFG2 = 0x4a8
                    0x04a8                  _U1CNFG2bits = 0x4a8
                    0x04aa                  U1EP0 = 0x4aa
                    0x04aa                  _U1EP0 = 0x4aa
                    0x04aa                  _U1EP0bits = 0x4aa
                    0x04ac                  U1EP1 = 0x4ac
                    0x04ac                  _U1EP1 = 0x4ac
                    0x04ac                  _U1EP1bits = 0x4ac
                    0x04ae                  U1EP2 = 0x4ae
                    0x04ae                  _U1EP2 = 0x4ae
                    0x04ae                  _U1EP2bits = 0x4ae
                    0x04b0                  U1EP3 = 0x4b0
                    0x04b0                  _U1EP3 = 0x4b0
                    0x04b0                  _U1EP3bits = 0x4b0
                    0x04b2                  U1EP4 = 0x4b2
                    0x04b2                  _U1EP4 = 0x4b2
                    0x04b2                  _U1EP4bits = 0x4b2
                    0x04b4                  U1EP5 = 0x4b4
                    0x04b4                  _U1EP5 = 0x4b4
                    0x04b4                  _U1EP5bits = 0x4b4
                    0x04b6                  U1EP6 = 0x4b6
                    0x04b6                  _U1EP6 = 0x4b6
                    0x04b6                  _U1EP6bits = 0x4b6
                    0x04b8                  U1EP7 = 0x4b8
                    0x04b8                  _U1EP7 = 0x4b8
                    0x04b8                  _U1EP7bits = 0x4b8
                    0x04ba                  U1EP8 = 0x4ba
                    0x04ba                  _U1EP8 = 0x4ba
                    0x04ba                  _U1EP8bits = 0x4ba
                    0x04bc                  U1EP9 = 0x4bc
                    0x04bc                  _U1EP9 = 0x4bc
                    0x04bc                  _U1EP9bits = 0x4bc
                    0x04be                  U1EP10 = 0x4be
                    0x04be                  _U1EP10 = 0x4be
                    0x04be                  _U1EP10bits = 0x4be
                    0x04c0                  U1EP11 = 0x4c0
                    0x04c0                  _U1EP11 = 0x4c0
                    0x04c0                  _U1EP11bits = 0x4c0
                    0x04c2                  U1EP12 = 0x4c2
                    0x04c2                  _U1EP12 = 0x4c2
                    0x04c2                  _U1EP12bits = 0x4c2
                    0x04c4                  U1EP13 = 0x4c4
                    0x04c4                  _U1EP13 = 0x4c4
                    0x04c4                  _U1EP13bits = 0x4c4
                    0x04c6                  U1EP14 = 0x4c6
                    0x04c6                  _U1EP14 = 0x4c6
                    0x04c6                  _U1EP14bits = 0x4c6
                    0x04c8                  U1EP15 = 0x4c8
                    0x04c8                  _U1EP15 = 0x4c8
                    0x04c8                  _U1EP15bits = 0x4c8
                    0x04cc                  U1PWMRRS = 0x4cc
                    0x04cc                  _U1PWMRRS = 0x4cc
                    0x04cc                  _U1PWMRRSbits = 0x4cc
                    0x04ce                  U1PWMCON = 0x4ce
                    0x04ce                  _U1PWMCON = 0x4ce
                    0x04ce                  _U1PWMCONbits = 0x4ce
                    0x0600                  PMCON = 0x600
                    0x0600                  _PMCON = 0x600
                    0x0600                  _PMCONbits = 0x600
                    0x0602                  PMMODE = 0x602
                    0x0602                  _PMMODE = 0x602
                    0x0602                  _PMMODEbits = 0x602
                    0x0604                  PMADDR = 0x604
                    0x0604                  _PMADDR = 0x604
                    0x0604                  _PMADDRbits = 0x604
                    0x0604                  PMDOUT1 = 0x604
                    0x0604                  _PMDOUT1 = 0x604
                    0x0604                  _PMDOUT1bits = 0x604
                    0x0606                  PMDOUT2 = 0x606
                    0x0606                  _PMDOUT2 = 0x606
                    0x0608                  PMDIN1 = 0x608
                    0x0608                  _PMDIN1 = 0x608
                    0x060a                  PMDIN2 = 0x60a
                    0x060a                  _PMDIN2 = 0x60a
                    0x060c                  PMAEN = 0x60c
                    0x060c                  _PMAEN = 0x60c
                    0x060c                  _PMAENbits = 0x60c
                    0x060e                  PMSTAT = 0x60e
                    0x060e                  _PMSTAT = 0x60e
                    0x060e                  _PMSTATbits = 0x60e
                    0x0620                  ALRMVAL = 0x620
                    0x0620                  _ALRMVAL = 0x620
                    0x0622                  ALCFGRPT = 0x622
                    0x0622                  _ALCFGRPT = 0x622
                    0x0622                  _ALCFGRPTbits = 0x622
                    0x0624                  RTCVAL = 0x624
                    0x0624                  _RTCVAL = 0x624
                    0x0626                  RCFGCAL = 0x626
                    0x0626                  _RCFGCAL = 0x626
                    0x0626                  _RCFGCALbits = 0x626
                    0x0640                  CRCCON = 0x640
                    0x0640                  _CRCCON = 0x640
                    0x0640                  _CRCCONbits = 0x640
                    0x0640                  CRCCON1 = 0x640
                    0x0640                  _CRCCON1 = 0x640
                    0x0640                  _CRCCON1bits = 0x640
                    0x0642                  CRCCON2 = 0x642
                    0x0642                  _CRCCON2 = 0x642
                    0x0642                  _CRCCON2bits = 0x642
                    0x0644                  CRCXOR = 0x644
                    0x0644                  _CRCXOR = 0x644
                    0x0644                  _CRCXORbits = 0x644
                    0x0644                  CRCXORL = 0x644
                    0x0644                  _CRCXORL = 0x644
                    0x0644                  _CRCXORLbits = 0x644
                    0x0646                  CRCXORH = 0x646
                    0x0646                  _CRCXORH = 0x646
                    0x0646                  _CRCXORHbits = 0x646
                    0x0648                  CRCDAT = 0x648
                    0x0648                  _CRCDAT = 0x648
                    0x0648                  CRCDAT32 = 0x648
                    0x0648                  _CRCDAT32 = 0x648
                    0x0648                  CRCDAT8 = 0x648
                    0x0648                  _CRCDAT8 = 0x648
                    0x0648                  CRCDATL = 0x648
                    0x0648                  _CRCDATL = 0x648
                    0x064a                  CRCDATH = 0x64a
                    0x064a                  _CRCDATH = 0x64a
                    0x064c                  CRCWDAT = 0x64c
                    0x064c                  _CRCWDAT = 0x64c
                    0x064c                  CRCWDATL = 0x64c
                    0x064c                  _CRCWDATL = 0x64c
                    0x064e                  CRCWDATH = 0x64e
                    0x064e                  _CRCWDATH = 0x64e
                    0x0650                  CMSTAT = 0x650
                    0x0650                  _CMSTAT = 0x650
                    0x0650                  _CMSTATbits = 0x650
                    0x0652                  CVRCON = 0x652
                    0x0652                  _CVRCON = 0x652
                    0x0652                  _CVRCONbits = 0x652
                    0x0654                  CM1CON = 0x654
                    0x0654                  _CM1CON = 0x654
                    0x0654                  _CM1CONbits = 0x654
                    0x065c                  CM2CON = 0x65c
                    0x065c                  _CM2CON = 0x65c
                    0x065c                  _CM2CONbits = 0x65c
                    0x0664                  CM3CON = 0x664
                    0x0664                  _CM3CON = 0x664
                    0x0664                  _CM3CONbits = 0x664
                    0x0680                  RPINR0 = 0x680
                    0x0680                  _RPINR0 = 0x680
                    0x0680                  _RPINR0bits = 0x680
                    0x0682                  RPINR1 = 0x682
                    0x0682                  _RPINR1 = 0x682
                    0x0682                  _RPINR1bits = 0x682
                    0x0686                  RPINR3 = 0x686
                    0x0686                  _RPINR3 = 0x686
                    0x0686                  _RPINR3bits = 0x686
                    0x0688                  RPINR4 = 0x688
                    0x0688                  _RPINR4 = 0x688
                    0x0688                  _RPINR4bits = 0x688
                    0x068e                  RPINR7 = 0x68e
                    0x068e                  _RPINR7 = 0x68e
                    0x068e                  _RPINR7bits = 0x68e
                    0x0690                  RPINR8 = 0x690
                    0x0690                  _RPINR8 = 0x690
                    0x0690                  _RPINR8bits = 0x690
                    0x0692                  RPINR9 = 0x692
                    0x0692                  _RPINR9 = 0x692
                    0x0692                  _RPINR9bits = 0x692
                    0x0696                  RPINR11 = 0x696
                    0x0696                  _RPINR11 = 0x696
                    0x0696                  _RPINR11bits = 0x696
                    0x06a4                  RPINR18 = 0x6a4
                    0x06a4                  _RPINR18 = 0x6a4
                    0x06a4                  _RPINR18bits = 0x6a4
                    0x06a6                  RPINR19 = 0x6a6
                    0x06a6                  _RPINR19 = 0x6a6
                    0x06a6                  _RPINR19bits = 0x6a6
                    0x06a8                  RPINR20 = 0x6a8
                    0x06a8                  _RPINR20 = 0x6a8
                    0x06a8                  _RPINR20bits = 0x6a8
                    0x06aa                  RPINR21 = 0x6aa
                    0x06aa                  _RPINR21 = 0x6aa
                    0x06aa                  _RPINR21bits = 0x6aa
                    0x06ac                  RPINR22 = 0x6ac
                    0x06ac                  _RPINR22 = 0x6ac
                    0x06ac                  _RPINR22bits = 0x6ac
                    0x06ae                  RPINR23 = 0x6ae
                    0x06ae                  _RPINR23 = 0x6ae
                    0x06ae                  _RPINR23bits = 0x6ae
                    0x06c0                  RPOR0 = 0x6c0
                    0x06c0                  _RPOR0 = 0x6c0
                    0x06c0                  _RPOR0bits = 0x6c0
                    0x06c2                  RPOR1 = 0x6c2
                    0x06c2                  _RPOR1 = 0x6c2
                    0x06c2                  _RPOR1bits = 0x6c2
                    0x06c4                  RPOR2 = 0x6c4
                    0x06c4                  _RPOR2 = 0x6c4
                    0x06c4                  _RPOR2bits = 0x6c4
                    0x06c6                  RPOR3 = 0x6c6
                    0x06c6                  _RPOR3 = 0x6c6
                    0x06c6                  _RPOR3bits = 0x6c6
                    0x06c8                  RPOR4 = 0x6c8
                    0x06c8                  _RPOR4 = 0x6c8
                    0x06c8                  _RPOR4bits = 0x6c8
                    0x06ca                  RPOR5 = 0x6ca
                    0x06ca                  _RPOR5 = 0x6ca
                    0x06ca                  _RPOR5bits = 0x6ca
                    0x06cc                  RPOR6 = 0x6cc
                    0x06cc                  _RPOR6 = 0x6cc
                    0x06cc                  _RPOR6bits = 0x6cc
                    0x06ce                  RPOR7 = 0x6ce
                    0x06ce                  _RPOR7 = 0x6ce
                    0x06ce                  _RPOR7bits = 0x6ce
                    0x06d0                  RPOR8 = 0x6d0
                    0x06d0                  _RPOR8 = 0x6d0
                    0x06d0                  _RPOR8bits = 0x6d0
                    0x06d2                  RPOR9 = 0x6d2
                    0x06d2                  _RPOR9 = 0x6d2
                    0x06d2                  _RPOR9bits = 0x6d2
                    0x06d4                  RPOR10 = 0x6d4
                    0x06d4                  _RPOR10 = 0x6d4
                    0x06d4                  _RPOR10bits = 0x6d4
                    0x06d6                  RPOR11 = 0x6d6
                    0x06d6                  _RPOR11 = 0x6d6
                    0x06d6                  _RPOR11bits = 0x6d6
                    0x06d8                  RPOR12 = 0x6d8
                    0x06d8                  _RPOR12 = 0x6d8
                    0x06d8                  _RPOR12bits = 0x6d8
                    0x0740                  RCON = 0x740
                    0x0740                  _RCON = 0x740
                    0x0740                  _RCONbits = 0x740
                    0x0742                  OSCCON = 0x742
                    0x0742                  _OSCCON = 0x742
                    0x0742                  _OSCCONbits = 0x742
                    0x0742                  OSCCONL = 0x742
                    0x0742                  _OSCCONL = 0x742
                    0x0743                  OSCCONH = 0x743
                    0x0743                  _OSCCONH = 0x743
                    0x0744                  CLKDIV = 0x744
                    0x0744                  _CLKDIV = 0x744
                    0x0744                  _CLKDIVbits = 0x744
                    0x0748                  OSCTUN = 0x748
                    0x0748                  _OSCTUN = 0x748
                    0x0748                  _OSCTUNbits = 0x748
                    0x074e                  REFOCON = 0x74e
                    0x074e                  _REFOCON = 0x74e
                    0x074e                  _REFOCONbits = 0x74e
                    0x0758                  DSCON = 0x758
                    0x0758                  _DSCON = 0x758
                    0x0758                  _DSCONbits = 0x758
                    0x075a                  DSWAKE = 0x75a
                    0x075a                  _DSWAKE = 0x75a
                    0x075a                  _DSWAKEbits = 0x75a
                    0x075c                  DSGPR0 = 0x75c
                    0x075c                  _DSGPR0 = 0x75c
                    0x075c                  _DSGPR0bits = 0x75c
                    0x075e                  DSGPR1 = 0x75e
                    0x075e                  _DSGPR1 = 0x75e
                    0x075e                  _DSGPR1bits = 0x75e
                    0x0760                  NVMCON = 0x760
                    0x0760                  _NVMCON = 0x760
                    0x0760                  _NVMCONbits = 0x760
                    0x0766                  NVMKEY = 0x766
                    0x0766                  _NVMKEY = 0x766
                    0x0770                  PMD1 = 0x770
                    0x0770                  _PMD1 = 0x770
                    0x0770                  _PMD1bits = 0x770
                    0x0772                  PMD2 = 0x772
                    0x0772                  _PMD2 = 0x772
                    0x0772                  _PMD2bits = 0x772
                    0x0774                  PMD3 = 0x774
                    0x0774                  _PMD3 = 0x774
                    0x0774                  _PMD3bits = 0x774
                    0x0776                  PMD4 = 0x776
                    0x0776                  _PMD4 = 0x776
                    0x0776                  _PMD4bits = 0x776
                    0x0144                  IC1 = 0x144
                    0x0144                  _IC1 = 0x144
                    0x014c                  IC2 = 0x14c
                    0x014c                  _IC2 = 0x14c
                    0x0154                  IC3 = 0x154
                    0x0154                  _IC3 = 0x154
                    0x015c                  IC4 = 0x15c
                    0x015c                  _IC4 = 0x15c
                    0x0164                  IC5 = 0x164
                    0x0164                  _IC5 = 0x164
                    0x0194                  OC1 = 0x194
                    0x0194                  _OC1 = 0x194
                    0x019e                  OC2 = 0x19e
                    0x019e                  _OC2 = 0x19e
                    0x01a8                  OC3 = 0x1a8
                    0x01a8                  _OC3 = 0x1a8
                    0x01b2                  OC4 = 0x1b2
                    0x01b2                  _OC4 = 0x1b2
                    0x01bc                  OC5 = 0x1bc
                    0x01bc                  _OC5 = 0x1bc
                    0x0240                  SPI1 = 0x240
                    0x0240                  _SPI1 = 0x240
                    0x0260                  SPI2 = 0x260
                    0x0260                  _SPI2 = 0x260
                    0x0220                  UART1 = 0x220
                    0x0220                  _UART1 = 0x220
                    0x0230                  UART2 = 0x230
                    0x0230                  _UART2 = 0x230
START GROUP
LOAD c:/program files (x86)/microchip/xc16/v1.41/bin/bin/../../lib\libpic30-elf.a
LOAD c:/program files (x86)/microchip/xc16/v1.41/bin/bin/../../lib\libm-elf.a
LOAD c:/program files (x86)/microchip/xc16/v1.41/bin/bin/../../lib\libc-elf.a
END GROUP
OUTPUT(dist/default/production/sbxbt_ps3.X.production.elf elf32-pic30)
LOAD jump_table
LOAD default_isr
LOAD heap
LOAD data_init

.debug_pubtypes
                  0x0002b8       0x2032
 .debug_pubtypes
                  0x0002b8        0x294 build/default/production/_ext/1468720089/btstack_memory.o
 .debug_pubtypes
                  0x00054c        0x1cc build/default/production/_ext/1468720089/hci.o
 .debug_pubtypes
                  0x000718         0x52 build/default/production/_ext/1468720089/hci_cmds.o
 .debug_pubtypes
                  0x00076a         0x41 build/default/production/_ext/1468720089/hci_dump.o
 .debug_pubtypes
                  0x0007ab        0x11e build/default/production/_ext/1468720089/hci_transport_picusb.o
 .debug_pubtypes
                  0x0008c9        0x1d9 build/default/production/_ext/1468720089/l2cap.o
 .debug_pubtypes
                  0x000aa2         0x69 build/default/production/_ext/1468720089/l2cap_signaling.o
 .debug_pubtypes
                  0x000b0b         0x46 build/default/production/_ext/1468720089/linked_list.o
 .debug_pubtypes
                  0x000b51         0x38 build/default/production/_ext/1468720089/memory_pool.o
 .debug_pubtypes
                  0x000b89         0xf7 build/default/production/_ext/1468720089/remote_device_db_memory.o
 .debug_pubtypes
                  0x000c80        0x269 build/default/production/_ext/1468720089/rfcomm.o
 .debug_pubtypes
                  0x000ee9         0xa1 build/default/production/_ext/1468720089/run_loop.o
 .debug_pubtypes
                  0x000f8a         0xaa build/default/production/_ext/1468720089/run_loop_embedded.o
 .debug_pubtypes
                  0x001034         0x97 build/default/production/_ext/1468720089/sdp.o
 .debug_pubtypes
                  0x0010cb        0x1a9 build/default/production/_ext/1468720089/sdp_util.o
 .debug_pubtypes
                  0x001274         0x38 build/default/production/_ext/1468720089/utils.o
 .debug_pubtypes
                  0x0012ac         0x12 build/default/production/_ext/2108356922/uart2.o
 .debug_pubtypes
                  0x0012be         0xa2 build/default/production/_ext/2108356922/uart1.o
 .debug_pubtypes
                  0x001360        0x524 build/default/production/_ext/1360907413/usb_host.o
 .debug_pubtypes
                  0x001884         0xf2 build/default/production/_ext/1360907413/usb_host_bluetooth.o
 .debug_pubtypes
                  0x001976        0x2a9 build/default/production/_ext/1472/main.o
 .debug_pubtypes
                  0x001c1f         0xca build/default/production/_ext/1472/usb_config.o
 .debug_pubtypes
                  0x001ce9         0x1e build/default/production/_ext/1472/xprintf.o
 .debug_pubtypes
                  0x001d07        0x127 build/default/production/_ext/1472/flash.o
 .debug_pubtypes
                  0x001e2e         0xbe build/default/production/_ext/1472/dev_dragonrise.o
 .debug_pubtypes
                  0x001eec         0xbe build/default/production/_ext/1472/dev_elecom_u3312s.o
 .debug_pubtypes
                  0x001faa         0xbe build/default/production/_ext/1472/dev_elecom_u3412s.o
 .debug_pubtypes
                  0x002068         0xbe build/default/production/_ext/1472/dev_logicool_f710.o
 .debug_pubtypes
                  0x002126         0xca build/default/production/_ext/1472/dev_sony_ps3.o
 .debug_pubtypes
                  0x0021f0         0xbe build/default/production/_ext/1472/dev_logicool_f510.o
 .debug_pubtypes
                  0x0022ae         0x3c build/default/production/_ext/1472/TimeDelay.o

__c30_signature
                  0x0022ea        0x150
 __c30_signature
                  0x0022ea          0x6 build/default/production/_ext/1468720089/btstack_memory.o
 __c30_signature
                  0x0022f0          0x6 build/default/production/_ext/1468720089/hci.o
 __c30_signature
                  0x0022f6          0x6 build/default/production/_ext/1468720089/hci_cmds.o
 __c30_signature
                  0x0022fc          0x6 build/default/production/_ext/1468720089/hci_dump.o
 __c30_signature
                  0x002302          0x6 build/default/production/_ext/1468720089/hci_transport_picusb.o
 __c30_signature
                  0x002308          0x6 build/default/production/_ext/1468720089/l2cap.o
 __c30_signature
                  0x00230e          0x6 build/default/production/_ext/1468720089/l2cap_signaling.o
 __c30_signature
                  0x002314          0x6 build/default/production/_ext/1468720089/linked_list.o
 __c30_signature
                  0x00231a          0x6 build/default/production/_ext/1468720089/memory_pool.o
 __c30_signature
                  0x002320          0x6 build/default/production/_ext/1468720089/remote_device_db_memory.o
 __c30_signature
                  0x002326          0x6 build/default/production/_ext/1468720089/rfcomm.o
 __c30_signature
                  0x00232c          0x6 build/default/production/_ext/1468720089/run_loop.o
 __c30_signature
                  0x002332          0x6 build/default/production/_ext/1468720089/run_loop_embedded.o
 __c30_signature
                  0x002338          0x6 build/default/production/_ext/1468720089/sdp.o
 __c30_signature
                  0x00233e          0x6 build/default/production/_ext/1468720089/sdp_util.o
 __c30_signature
                  0x002344          0x6 build/default/production/_ext/1468720089/utils.o
 __c30_signature
                  0x00234a          0x6 build/default/production/_ext/2108356922/uart2.o
 __c30_signature
                  0x002350          0x6 build/default/production/_ext/2108356922/uart1.o
 __c30_signature
                  0x002356          0x6 build/default/production/_ext/1360907413/usb_host.o
 __c30_signature
                  0x00235c          0x6 build/default/production/_ext/1360907413/usb_host_bluetooth.o
 __c30_signature
                  0x002362          0x6 build/default/production/_ext/1472/main.o
 __c30_signature
                  0x002368          0x6 build/default/production/_ext/1472/usb_config.o
 __c30_signature
                  0x00236e          0x6 build/default/production/_ext/1472/xprintf.o
 __c30_signature
                  0x002374          0x6 build/default/production/_ext/1472/flash.o
 __c30_signature
                  0x00237a          0x6 build/default/production/_ext/1472/dev_dragonrise.o
 __c30_signature
                  0x002380          0x6 build/default/production/_ext/1472/dev_elecom_u3312s.o
 __c30_signature
                  0x002386          0x6 build/default/production/_ext/1472/dev_elecom_u3412s.o
 __c30_signature
                  0x00238c          0x6 build/default/production/_ext/1472/dev_logicool_f710.o
 __c30_signature
                  0x002392          0x6 build/default/production/_ext/1472/dev_sony_ps3.o
 __c30_signature
                  0x002398          0x6 build/default/production/_ext/1472/dev_logicool_f510.o
 __c30_signature
                  0x00239e          0x6 build/default/production/_ext/1472/TimeDelay.o
 __c30_signature
                  0x0023a4          0x6 c:/program files (x86)/microchip/xc16/v1.41/bin/bin/../../lib\libpic30-elf.a(crt0_standard.o)
 __c30_signature
                  0x0023aa          0x6 c:/program files (x86)/microchip/xc16/v1.41/bin/bin/../../lib\libpic30-elf.a(data_init_standard.o)
 __c30_signature
                  0x0023b0          0x6 c:/program files (x86)/microchip/xc16/v1.41/bin/bin/../../lib\libm-elf.a(addsf3.eo)
 __c30_signature
                  0x0023b6          0x6 c:/program files (x86)/microchip/xc16/v1.41/bin/bin/../../lib\libm-elf.a(divsf3.eo)
 __c30_signature
                  0x0023bc          0x6 c:/program files (x86)/microchip/xc16/v1.41/bin/bin/../../lib\libm-elf.a(feqltle.eo)
 __c30_signature
                  0x0023c2          0x6 c:/program files (x86)/microchip/xc16/v1.41/bin/bin/../../lib\libm-elf.a(fixsfsi.eo)
 __c30_signature
                  0x0023c8          0x6 c:/program files (x86)/microchip/xc16/v1.41/bin/bin/../../lib\libm-elf.a(floatunsisf.eo)
 __c30_signature
                  0x0023ce          0x6 c:/program files (x86)/microchip/xc16/v1.41/bin/bin/../../lib\libm-elf.a(fpack.eo)
 __c30_signature
                  0x0023d4          0x6 c:/program files (x86)/microchip/xc16/v1.41/bin/bin/../../lib\libm-elf.a(funpack.eo)
 __c30_signature
                  0x0023da          0x6 c:/program files (x86)/microchip/xc16/v1.41/bin/bin/../../lib\libm-elf.a(funpack2.eo)
 __c30_signature
                  0x0023e0          0x6 c:/program files (x86)/microchip/xc16/v1.41/bin/bin/../../lib\libm-elf.a(futil.eo)
 __c30_signature
                  0x0023e6          0x6 c:/program files (x86)/microchip/xc16/v1.41/bin/bin/../../lib\libm-elf.a(mulsf3.eo)
 __c30_signature
                  0x0023ec          0x6 c:/program files (x86)/microchip/xc16/v1.41/bin/bin/../../lib\libm-elf.a(udivsi3.eo)
 __c30_signature
                  0x0023f2          0x6 c:/program files (x86)/microchip/xc16/v1.41/bin/bin/../../lib\libm-elf.a(umodsi3.eo)
 __c30_signature
                  0x0023f8          0x6 c:/program files (x86)/microchip/xc16/v1.41/bin/bin/../../lib\libm-elf.a(fcompare.eo)
 __c30_signature
                  0x0023fe          0x6 c:/program files (x86)/microchip/xc16/v1.41/bin/bin/../../lib\libm-elf.a(floatundisf.eo)
 __c30_signature
                  0x002404          0x6 c:/program files (x86)/microchip/xc16/v1.41/bin/bin/../../lib\libc-elf.a(malloc.eo)
 __c30_signature
                  0x00240a          0x6 c:/program files (x86)/microchip/xc16/v1.41/bin/bin/../../lib\libc-elf.a(memcmp.eo)
 __c30_signature
                  0x002410          0x6 c:/program files (x86)/microchip/xc16/v1.41/bin/bin/../../lib\libc-elf.a(memcpy.eo)
 __c30_signature
                  0x002416          0x6 c:/program files (x86)/microchip/xc16/v1.41/bin/bin/../../lib\libc-elf.a(memset.eo)
 __c30_signature
                  0x00241c          0x6 c:/program files (x86)/microchip/xc16/v1.41/bin/bin/../../lib\libc-elf.a(strlen.eo)
 __c30_signature
                  0x002422          0x6 c:/program files (x86)/microchip/xc16/v1.41/bin/bin/../../lib\libc-elf.a(strncmp.eo)
 __c30_signature
                  0x002428          0x6 c:/program files (x86)/microchip/xc16/v1.41/bin/bin/../../lib\libc-elf.a(strncpy.eo)
 __c30_signature
                  0x00242e          0x6 c:/program files (x86)/microchip/xc16/v1.41/bin/bin/../../lib\libpic30-elf.a(sbrk.eo)
 __c30_signature
                  0x002434          0x6 c:/program files (x86)/microchip/xc16/v1.41/bin/bin/../../lib\libpic30-elf.a(brk.elo)

.nbss               0x0800         0x7c
 .nbss              0x0800         0x1c build/default/production/_ext/1472/main.o
                    0x0800                  _sixaxis_control_channel_id
                    0x0802                  _sixaxis_button_state
                    0x0804                  _sixaxis_button_state1
                    0x0805                  _sixaxis_button_state2
                    0x0806                  _deviceAddress
                    0x0808                  _usb_tick_handler
                    0x080a                  _lastTime
 .nbss              0x081c         0x18 build/default/production/_ext/1360907413/usb_host.o
                    0x081c                  _pCurrentConfigurationDescriptor
                    0x081e                  _pDeviceDescriptor
                    0x0820                  _usbOverrideHostState
 .nbss              0x0834         0x12 build/default/production/_ext/1468720089/btstack_memory.o
 .nbss              0x0846          0xe build/default/production/_ext/1468720089/hci_transport_picusb.o
                    0x0846                  _libusb_state
 .nbss              0x0854          0xc build/default/production/_ext/1468720089/l2cap.o
 .nbss              0x0860          0xa build/default/production/_ext/1468720089/rfcomm.o
 .nbss              0x086a          0xa build/default/production/_ext/1468720089/run_loop_embedded.o
 .nbss              0x0874          0x8 build/default/production/_ext/1468720089/sdp.o

.ndata              0x087c          0x8
 .ndata             0x087c          0x8 build/default/production/_ext/1472/main.o
                    0x087c                  _sixaxis_lx
                    0x087d                  _sixaxis_ly
                    0x087e                  _sixaxis_rx